[2026-04-30 23:20:31] INFO | shop.<module>():1522
MSG  : ================================================
────────────────────────────────────────────────────────────
[2026-04-30 23:20:31] INFO | shop.<module>():1523
MSG  : 🛍️  URBANSTORE SERVER KHỞI ĐỘNG
────────────────────────────────────────────────────────────
[2026-04-30 23:20:31] INFO | shop.<module>():1524
MSG  : 📡  http://0.0.0.0:5000  |  host=192.168.2.7
────────────────────────────────────────────────────────────
[2026-04-30 23:20:31] INFO | shop.<module>():1525
MSG  : 📦  Sản phẩm: 12  |  👥 Users: 3  |  📋 Orders: 5
────────────────────────────────────────────────────────────
[2026-04-30 23:20:31] INFO | shop.<module>():1526
MSG  : 📁  Log dir : /Users/long/Downloads/Shoptest/logs
────────────────────────────────────────────────────────────
[2026-04-30 23:20:31] INFO | shop.<module>():1527
MSG  : 🔑  Admin   : /admin  (admin / admin123)
────────────────────────────────────────────────────────────
[2026-04-30 23:20:31] INFO | shop.<module>():1528
MSG  : ================================================
────────────────────────────────────────────────────────────
[2026-04-30 23:23:29] INFO | shop.<module>():1522
MSG  : ================================================
────────────────────────────────────────────────────────────
[2026-04-30 23:23:29] INFO | shop.<module>():1523
MSG  : 🛍️  URBANSTORE SERVER KHỞI ĐỘNG
────────────────────────────────────────────────────────────
[2026-04-30 23:23:29] INFO | shop.<module>():1524
MSG  : 📡  http://0.0.0.0:5000  |  host=192.168.2.7
────────────────────────────────────────────────────────────
[2026-04-30 23:23:29] INFO | shop.<module>():1525
MSG  : 📦  Sản phẩm: 12  |  👥 Users: 3  |  📋 Orders: 5
────────────────────────────────────────────────────────────
[2026-04-30 23:23:29] INFO | shop.<module>():1526
MSG  : 📁  Log dir : /Users/long/Downloads/Shoptest/logs
────────────────────────────────────────────────────────────
[2026-04-30 23:23:29] INFO | shop.<module>():1527
MSG  : 🔑  Admin   : /admin  (admin / admin123)
────────────────────────────────────────────────────────────
[2026-04-30 23:23:29] INFO | shop.<module>():1528
MSG  : ================================================
────────────────────────────────────────────────────────────
[2026-04-30 23:23:55] INFO | shop._log_request():194
MSG  : OK  200 | GET    /                                      | 127.0.0.1       | user=-            | 32242B
────────────────────────────────────────────────────────────
[2026-04-30 23:23:55] WARNING | shop._err404():201
MSG  : 404 Not Found: GET /favicon.ico | 127.0.0.1
────────────────────────────────────────────────────────────
[2026-04-30 23:23:55] WARNING | shop._log_request():193
MSG  : ERR 404 | GET    /favicon.ico                           | 127.0.0.1       | user=-            | 151B
────────────────────────────────────────────────────────────
[2026-04-30 23:42:53] INFO | shop.<module>():1522
MSG  : ================================================
────────────────────────────────────────────────────────────
[2026-04-30 23:42:53] INFO | shop.<module>():1523
MSG  : 🛍️  URBANSTORE SERVER KHỞI ĐỘNG
────────────────────────────────────────────────────────────
[2026-04-30 23:42:53] INFO | shop.<module>():1524
MSG  : 📡  http://0.0.0.0:5000  |  host=192.168.2.7
────────────────────────────────────────────────────────────
[2026-04-30 23:42:53] INFO | shop.<module>():1525
MSG  : 📦  Sản phẩm: 12  |  👥 Users: 3  |  📋 Orders: 5
────────────────────────────────────────────────────────────
[2026-04-30 23:42:53] INFO | shop.<module>():1526
MSG  : 📁  Log dir : /Users/long/Downloads/Shoptest/logs
────────────────────────────────────────────────────────────
[2026-04-30 23:42:53] INFO | shop.<module>():1527
MSG  : 🔑  Admin   : /admin  (admin / admin123)
────────────────────────────────────────────────────────────
[2026-04-30 23:42:53] INFO | shop.<module>():1528
MSG  : ================================================
────────────────────────────────────────────────────────────
[2026-04-30 23:43:16] INFO | shop._log_request():194
MSG  : OK  200 | GET    /                                      | 127.0.0.1       | user=-            | 32242B
────────────────────────────────────────────────────────────
[2026-04-30 23:43:17] WARNING | shop._err404():201
MSG  : 404 Not Found: GET /favicon.ico | 127.0.0.1
────────────────────────────────────────────────────────────
[2026-04-30 23:43:17] WARNING | shop._log_request():193
MSG  : ERR 404 | GET    /favicon.ico                           | 127.0.0.1       | user=-            | 151B
────────────────────────────────────────────────────────────
[2026-04-30 23:43:27] INFO | shop._log_request():194
MSG  : OK  200 | GET    /products                              | 127.0.0.1       | user=-            | 34662B
────────────────────────────────────────────────────────────
[2026-04-30 23:43:33] INFO | shop._log_request():194
MSG  : OK  200 | GET    /orders                                | 127.0.0.1       | user=-            | 20631B
────────────────────────────────────────────────────────────
[2026-04-30 23:43:35] INFO | shop._log_request():194
MSG  : OK  200 | GET    /                                      | 127.0.0.1       | user=-            | 32242B
────────────────────────────────────────────────────────────
[2026-04-30 23:43:36] INFO | shop._log_request():194
MSG  : OK  200 | GET    /orders                                | 127.0.0.1       | user=-            | 20631B
────────────────────────────────────────────────────────────
[2026-04-30 23:43:38] INFO | shop._log_request():194
MSG  : OK  200 | GET    /                                      | 127.0.0.1       | user=-            | 32242B
────────────────────────────────────────────────────────────
[2026-04-30 23:44:01] INFO | shop._log_request():194
MSG  : OK  200 | GET    /products                              | 127.0.0.1       | user=-            | 34662B
────────────────────────────────────────────────────────────
[2026-04-30 23:44:32] INFO | shop._log_request():194
MSG  : OK  200 | GET    /                                      | 127.0.0.1       | user=-            | 32242B
────────────────────────────────────────────────────────────
